=============================================
# Server started at: 2025-04-04 16:08:48
# Node.js version: v20.9.0
# Yarn version: 1.22.22
# Operating System: Windows_NT 10.0.22631 (x64)
# Environment Variables:
  > PORT: 8080
  > HOST: localhost
  > IBM_TTS_VOICE: en-GB_KateV3Voice
  > DTTEC_ENDPOINT: http://127.0.0.1
  > DTTEC_PORT: 3000
=============================================

[2025-04-04 16:08:48] [INFO] Sending HEAD request to DTTEC API
[2025-04-04 16:08:48] [INFO] Server is live at http://localhost:8080
[2025-04-04 16:08:48] [INFO] DTTEC API is Ready
[2025-04-04 16:08:49] [INFO] Successfully authorized Google Drive API.
[2025-04-04 16:08:50] [INFO] Serving home page
[2025-04-04 16:08:50] [INFO] Set IBM Watson TTS voice: Success
[2025-04-04 16:08:51] [INFO] [WATSON-WEB] Synthesis voice set to 'en-GB_KateV3Voice'
[2025-04-04 16:14:55] [INFO] Serving home page
[2025-04-04 16:14:55] [INFO] Set IBM Watson TTS voice: Success
[2025-04-04 16:14:57] [INFO] [WATSON-WEB] Synthesis voice set to 'en-GB_KateV3Voice'
