=============================================
# Server started at: 2025-04-04 15:35:56
# Node.js version: v20.9.0
# Yarn version: 1.22.22
# Operating System: Windows_NT 10.0.22631 (x64)
# Environment Variables:
  > PORT: 8080
  > HOST: localhost
  > IBM_TTS_VOICE: en-GB_KateV3Voice
  > DTTEC_ENDPOINT: http://127.0.0.1
  > DTTEC_PORT: 3000
=============================================

[2025-04-04 15:35:57] [INFO] Server is live at http://localhost:8080
[2025-04-04 15:35:57] [INFO] Sending HEAD request to DTTEC API
[2025-04-04 15:35:57] [INFO] DTTEC API is Ready
[2025-04-04 15:35:57] [INFO] Successfully authorized Google Drive API.
[2025-04-04 15:35:58] [INFO] Serving home page
[2025-04-04 15:35:58] [INFO] Set IBM Watson TTS voice: Success
[2025-04-04 15:36:00] [INFO] [WATSON-WEB] Synthesis voice set to 'en-GB_KateV3Voice'
[2025-04-04 15:36:00] [INFO] 'Welcome to a new lecture in COMP 26 oh 3 Object Oriented Programming 1' (70 chars)
[2025-04-04 15:36:00] [INFO] <s>welcome to a new lecture in comp oh object oriented programming</s> (70 chars)
[2025-04-04 15:36:00] [INFO] [WATSON-WEB] Using audio format: audio/wav
[2025-04-04 15:36:00] [INFO] [WATSON-WEB] Using audio format: audio/wav
[2025-04-04 15:36:00] [INFO] [WATSON-WEB] Synthesis voice set to 'en-GB_KateV3Voice'
[2025-04-04 15:36:00] [INFO] [WATSON-WEB] Synthesis voice set to 'en-GB_KateV3Voice'
[2025-04-04 15:36:00] [INFO] [WATSON-WEB] Synthesis response: 200 - OK
[2025-04-04 15:36:00] [INFO] [WATSON-WEB] Synthesis response: 200 - OK
[2025-04-04 15:36:02] [INFO] [WATSON-WEB] Audio file saved to: ./resources/audio/ssml/2025-04-04 15-36-00.wav
[2025-04-04 15:36:02] [INFO] [WATSON-WEB] Audio file saved to: ./resources/audio/rawtext/2025-04-04 15-36-00.wav
[2025-04-04 15:47:01] [INFO] Serving home page
[2025-04-04 15:47:02] [INFO] Set IBM Watson TTS voice: Success
[2025-04-04 15:47:03] [INFO] [WATSON-WEB] Synthesis voice set to 'en-GB_KateV3Voice'
[2025-04-04 15:48:26] [INFO] Serving home page
[2025-04-04 15:48:27] [INFO] Set IBM Watson TTS voice: Success
[2025-04-04 15:48:27] [INFO] [WATSON-WEB] Synthesis voice set to 'en-GB_KateV3Voice'
[2025-04-04 15:48:29] [INFO] 'Hello, welcome to week seven of COMP two six oh three, Object Oriented Programming one' (86 chars)
[2025-04-04 15:48:29] [INFO] [WATSON-WEB] Using audio format: audio/wav
[2025-04-04 15:48:29] [INFO] <s>hello welcome to week seven of comp two six oh three object oriented programming one</s> (91 chars)
[2025-04-04 15:48:29] [INFO] [WATSON-WEB] Using audio format: audio/wav
[2025-04-04 15:48:29] [INFO] [WATSON-WEB] Synthesis response: 200 - OK
[2025-04-04 15:48:29] [INFO] [WATSON-WEB] Synthesis voice set to 'en-GB_KateV3Voice'
[2025-04-04 15:48:29] [INFO] [WATSON-WEB] Synthesis response: 200 - OK
[2025-04-04 15:48:30] [INFO] [WATSON-WEB] Synthesis voice set to 'en-GB_KateV3Voice'
[2025-04-04 15:48:31] [INFO] [WATSON-WEB] Audio file saved to: ./resources/audio/rawtext/2025-04-04 15-48-29.wav
[2025-04-04 15:48:31] [INFO] [WATSON-WEB] Audio file saved to: ./resources/audio/ssml/2025-04-04 15-48-29.wav
