=============================================
# Server started at: 2025-04-04 16:15:00
# Node.js version: v20.9.0
# Yarn version: 1.22.22
# Operating System: Windows_NT 10.0.22631 (x64)
# Environment Variables:
  > PORT: 8080
  > HOST: localhost
  > IBM_TTS_VOICE: en-GB_KateV3Voice
  > DTTEC_ENDPOINT: http://127.0.0.1
  > DTTEC_PORT: 3000
=============================================

[2025-04-04 16:15:00] [INFO] Server is live at http://localhost:8080
[2025-04-04 16:15:00] [INFO] Sending HEAD request to DTTEC API
[2025-04-04 16:15:00] [INFO] DTTEC API is Ready
[2025-04-04 16:15:01] [INFO] Successfully authorized Google Drive API.
[2025-04-04 16:15:02] [INFO] Serving home page
[2025-04-04 16:15:02] [INFO] Set IBM Watson TTS voice: Success
[2025-04-04 16:15:03] [INFO] [WATSON-WEB] Synthesis voice set to 'en-GB_KateV3Voice'
[2025-04-04 16:15:04] [INFO] 'Hello, welcome to week seven of COMP twenty-six oh three, Object Oriented Programming one' (89 chars)
[2025-04-04 16:15:04] [INFO] <s>Hello, welcome to week seven of COMP twenty-six oh three, Object Oriented Programming one</s> (96 chars)
[2025-04-04 16:15:04] [INFO] Saving transcript to: ./resources/audio/transcripts/2025-04-04 16-15-04.json
[2025-04-04 16:15:04] [INFO] [WATSON-WEB] Using audio format: audio/wav
[2025-04-04 16:15:04] [INFO] [WATSON-WEB] Synthesis voice set to 'en-GB_KateV3Voice'
[2025-04-04 16:15:05] [INFO] [WATSON-WEB] Synthesis response: 200 - OK
[2025-04-04 16:15:06] [INFO] [WATSON-WEB] Audio file saved to: ./resources/audio/ssml/2025-04-04 16-15-04.wav
