=============================================
# Server started at: 2025-04-04 15:24:09
# Node.js version: v20.9.0
# Yarn version: 1.22.22
# Operating System: Windows_NT 10.0.22631 (x64)
# Environment Variables:
  > PORT: 8080
  > HOST: localhost
  > IBM_TTS_VOICE: en-GB_KateV3Voice
  > DTTEC_ENDPOINT: http://127.0.0.1
  > DTTEC_PORT: 3000
=============================================

[2025-04-04 15:24:09] [INFO] Server is live at http://localhost:8080
[2025-04-04 15:24:09] [INFO] Sending HEAD request to DTTEC API
[2025-04-04 15:24:09] [INFO] DTTEC API is Ready
[2025-04-04 15:24:10] [INFO] Successfully authorized Google Drive API.
[2025-04-04 15:24:11] [INFO] Serving home page
[2025-04-04 15:24:11] [INFO] Set IBM Watson TTS voice: Success
[2025-04-04 15:24:12] [INFO] [WATSON-WEB] Synthesis voice set to 'en-GB_KateV3Voice'
[2025-04-04 15:28:53] [INFO] Serving home page
[2025-04-04 15:28:53] [INFO] Set IBM Watson TTS voice: Success
[2025-04-04 15:28:54] [INFO] [WATSON-WEB] Synthesis voice set to 'en-GB_KateV3Voice'
[2025-04-04 15:30:41] [INFO] Serving home page
[2025-04-04 15:30:41] [INFO] Set IBM Watson TTS voice: Success
[2025-04-04 15:30:42] [INFO] [WATSON-WEB] Synthesis voice set to 'en-GB_KateV3Voice'
[2025-04-04 15:32:36] [INFO] Serving home page
[2025-04-04 15:32:37] [INFO] Set IBM Watson TTS voice: Success
[2025-04-04 15:32:38] [INFO] [WATSON-WEB] Synthesis voice set to 'en-GB_KateV3Voice'
